cGxhaW4=,YSxi,eCJ5,bGFzdA0KbGluZQ==,


IGxlYWQ=,dHJhaWwg
YiINCgrwn5iA,LGLwn5iA8J+YgGI=,IgoKYmHkuK0s5LitYg==
5LitDeS4rQ1iYeS4rQ0iIGHwn5iA5LitYQ3wn5iACg1iYiI=,8J+YgCBhLCxh5LitLCDwn5iA5LitLArkuK3kuK0NIGJhYiIiDfCfmIA=,LCwNIAkKYQkJYQrkuK0NYSAK5LitCWE=,CWIi5Lit5Lit8J+YgGIKYeS4rQksLOS4rSDwn5iA5LitYiA=,DSIsLAks5LitIOS4rQkNCQoJYg0JCgo=
8J+YgPCfmIANYgrkuK0gCvCfmIAKYQ==,ICIiIgks5LitLCLwn5iA8J+YgCwJDWHwn5iAYQ==,CvCfmIAKIg0NYWHkuK0sCuS4rSw=
IOS4rSAsIGEN,ICIgCWEgLGJiYSJh8J+YgGLkuK0KCSDkuK3wn5iADSA=,
IAphLCxiIglh8J+YgGINIgoiDQ==,LAogYiLkuK0iCSxh8J+YgGFh8J+YgCxi5Lit,5LitCSDkuK1i8J+YgPCfmIANDQ0iYg==,IgoiDfCfmIAJ8J+YgOS4rSBiIiLkuK0J5Lit5LitCiI=,CmIsYgrwn5iAYSwK8J+YgGJiLA3kuK1hCg==,DQ1iImLkuK1iCmLwn5iA
8J+YgAkJ8J+YgGEgYQosCiAsDSAs5LitDQ0iDSwiLA==,YeS4rQ1hICwJCgphDeS4rQ==,Yg==,LCIK5LitICwgCmHwn5iA8J+YgGEKCWEsLGEK5LitDQ==
CeS4rWINYgkiIiDkuK0JYSINYixi8J+YgCAKLA==,DeS4rQosIgli8J+YgGE=
IGINYiIgYmIsDSIsIuS4rQ==,ICDkuK0KCfCfmIBiCQ1i
YSAK5Lit8J+YgPCfmIAgLCzkuK0sYWIN,CuS4reS4rQphCSBhCfCfmIAJ8J+YgOS4rWLkuK0KCgk=,8J+YgA==
CmFi5LitICwJCSxhCg==,8J+YgAphICwK5LitICAi
Ig0s8J+YgCAi
5Lit8J+YgCwKIuS4rQ3wn5iALPCfmIBhYWEK5Lit,8J+YgCI=,DSwsIAkJ5Lit8J+YgCxiIAksCQ==
DQ0sDQrwn5iAYWEiYmINYiAKDQ==,Igo=,8J+YgGJhDSBi5LitLCIJCiLwn5iAYmEJIg0g5Lit5Lit,LAosCSDwn5iAIg==,
5LitYmJhYiwKYQrkuK0K5LitIiBhIAliCiBhCg==
ICwKCg==,CfCfmIAsDQ1h5LitCgkg8J+YgGEsIA==,ImINCmHwn5iAIvCfmIBiYQ3wn5iA5Lit8J+YgCIsIGEiLGI=
LOS4rfCfmIAs8J+YgCI=,Yg==,5LitYgkJYWFhCWLwn5iAIiIJDQ1h,DWEKCfCfmIBh8J+YgA==,DQ0iDQkKYSwg5LitCSDwn5iACWJiIiANCQkK,CSxiYvCfmIAs5LitDSLwn5iAImEJIGJhCgogYWEgCg==
,YWIsYWEgCgo=,DSzkuK0sIiLwn5iA8J+YgOS4rQoJYQ==
,DSw=
LA3kuK0KIGE=,8J+YgCAJImIKYvCfmIDkuK0J8J+YgCwN5LitICAJYmLwn5iACQ==,CQ0gYgkNYg0iIg0g8J+YgCwNCSDkuK0J,YQ==,YWFi5LitCSxiCQliDQk=
DQkKCiwsYmFiIg==,CSJhICAg8J+YgA0g5LitDQoKDSIJDWIsYSzkuK0=,LGFiDWIJCfCfmIANYSxhYg3wn5iAIiwKCgk=
LGJiICxhYSIJLCwJDWIJYWJhLCAi,ICwKIixhIiIK,YQ0NICJi5Lit8J+YgAlh5LitIiwiDWFiYiA=,,5Lit5LitCfCfmIDwn5iACmEgCiDwn5iACmIKLGIsDWJh5Lit5Lit,DWIiIOS4rSAN5LitLCwsYuS4rWFhLOS4rSxhIPCfmIAsIGI=
CQ0KCQ0g8J+YgCwNYgoi,IvCfmIAK8J+YgAkKDeS4rSAgYgrkuK3wn5iAICINCfCfmIA=,YQlh8J+YgCBi8J+YgGHwn5iACSDwn5iAYQ0K,DWEsYiIs8J+YgCA=
CQkKCiINLArkuK0iCQnkuK0iYmLwn5iA5LitIA==,Ig0NDeS4rQ0NLGIK8J+YgApi5LitImJhIvCfmIAK
CSAgIg1h5Lit5LitCizkuK0sYSIiCWIg,CiAiIgogDfCfmIBi,8J+YgCJiCWI=
Ig0=,5Lit5LitYQ0K8J+YgGLkuK0KDSIJLOS4rWFi5LitYiIs,YSAiIgoNDSwJLAkg5Lit8J+YgPCfmIBh8J+YgGEg8J+YgA3kuK0K
CQ0KYQkKIuS4rQkKCuS4rSDkuK0JCQo=,CSzwn5iACeS4rQphICJiIvCfmIDkuK3wn5iACSxiIA0sIA0=,DSDkuK0KYSJhLAoKIOS4rfCfmIANDQ==,YQksIA0gYuS4rSIgLCIK5LitIAlhLGIN,LOS4reS4rQkgCQoiICAs8J+YgAkJ
YQ==,ICIsDQphIGIiIg0sYeS4rSIiIg0=,DQnwn5iAYQogIGEN5LitLCxhDSDwn5iAYvCfmIAKCSIK,CeS4rQkiCg3wn5iAYgkNDQpi
IuS4rfCfmIAJImEKYiDkuK0NIGIKCgosYWE=,8J+YgAkKIgrkuK3kuK0N5LitYg0sIArwn5iA
YfCfmIANCSIi8J+YgGEsIg==
IAog8J+YgGIKYQphLAlhYg0sCiAgYiAiYg==,CSAJICJhCuS4rWEiDSAiIvCfmIDwn5iA8J+YgGFhIAk=,DSAJIGEKYuS4rSJhIuS4rQliIiJh,CSxh8J+YgPCfmIBiIgoJ8J+YgCAN
ICwK8J+YgOS4rSLkuK0sLGLwn5iALA3wn5iACSIKLCAgCiIKIA==,ICA=,Yizwn5iACSwiCQoi5LitCSwiIGJhCiDwn5iA5Lit,DQ0s8J+YgCwKDQ==,DQkgIg==
,YeS4rQkNCWIg5Lit5LitICBiYvCfmIA=,CfCfmIAKYiJiDSwNYgnwn5iAIAogCmHwn5iADWENYvCfmIA=,YSJiYiANIg0iCvCfmIAiLAoNCvCfmIA=,CiIgDSLkuK0JIgrwn5iA5LitYQ3kuK0iLPCfmIANYg==,LPCfmIAKIuS4rQ0gIGEJIuS4rQrwn5iA8J+YgPCfmIDwn5iA
5Lit8J+YgAogCiwJ5Lit5LitIgkg,8J+YgArkuK0NCSINIOS4rSBhCvCfmIA=
ICBiYgk=,YixiCQ0iYSAJYSAgYQkKCizkuK0s5LitYQ==,YWEJCuS4rQ0K8J+YgCwgYWEJYvCfmIAKCSwgYQ0=,DeS4rSIKYg0sYQosImJiDWHkuK3wn5iACvCfmIAsYSAiLA==,YiJhDSzkuK0JLGIiIg0iYSAiIgnkuK1hDSJi5Lit,ImLwn5iALCIgLApi
IiIsCWEK5LitLCw=,IA0sDWFiDQo=,CmEsDQoKYQo=
CvCfmIAiIA0NYgoNLA==,IvCfmIDwn5iALGFiIiAJYQ==,Cg0NCWHwn5iAIPCfmIDwn5iADWEJYfCfmIBhYeS4rSwKDQ==,8J+YgApi8J+YgGLwn5iACSwNYfCfmIBiCg3wn5iACuS4rQkNDSLkuK0N8J+YgA==
CQoNCQ0iYQ0gCSLkuK0=
YSAgCiDkuK1iYuS4rQkJICJhYmLkuK0NIAk=,CQlhYgnkuK3wn5iACeS4rSwg8J+YgOS4rQ==
YQ1h5Lit5LitYiw=,YmE=,IiwJYQoNCQkKCmFhIuS4rQ==,Ig0iYSIgIgkKCmEKIiwiCuS4rWFiDQ==
CWIKCizkuK0JIGIgCmJiYiwgIgoJCiA=,CmJiYSIJCSws8J+YgOS4rWIN,LOS4rfCfmIA=,DQ1h
ICxhDSBh5Lit,CfCfmIAi5LitCmI=,CfCfmIBiCSIg5LitLGJi
IAkiImEJ8J+YgGLwn5iA,YgpiLOS4reS4rQos
8J+YgGLkuK0=,IPCfmIAiCg1i8J+YgCJiCQ0NYmEKYgoJCQ==
LCAsCg==,YWIJCmIJIvCfmIAi5LitDeS4rQoiYSIN5LitDSA=,CSwgDQ==,,YmIsLAphYWI=,CmEKLCIsYQkNYvCfmIAJLCANICIi8J+YgA0KLCw=
IiIJICwg8J+YgPCfmIAgLGFhCiDkuK0iIOS4rWEg5LitYg==,LA0JIvCfmIAKCmFiImEgCSzkuK0=
5LitImEiDSIKLCzwn5iACgnkuK3kuK0=,IA0NLCAKIiwsCg3kuK1hYgks,Ig1iCmIJCWLkuK0sIg==
8J+YgA0gLAoNCSAiYWJi,CiwgCSw=,YSJhYgoK5LitIiwiIGJh8J+YgGEgIOS4rQnwn5iADQ==,,DWFh,5LitLGEsLGINDWE=
ICBh8J+YgCIK8J+YgGHkuK3kuK0sCeS4rWEiYSAgIAoi
,5LitYQ3kuK1iLOS4rQliICAKCQ0sIPCfmIANCiIJ5Lit
IgoNYvCfmIBhLGLwn5iA,8J+YgPCfmIBhLA3wn5iA5LitLOS4rWJiCgogYiAs5LitLAkNDQ0g,Ig==,DQkN
ICzkuK0s,8J+YgGIKYQksCSJiIA0iLAk=,LA==
5Lit5Lit,5LitYg3wn5iA8J+YgOS4rQrwn5iA5LitCQ==,IGENCvCfmIAKCQos5LitIg==,YeS4rSLwn5iACQkgDSAJYvCfmIDwn5iAYiAJ,CmIsYQ==,8J+YgGLkuK0JYg0iDQoJYQ3kuK1iDSzkuK1hIPCfmIAs
CQoiCuS4rfCfmIAiDQoJCQosDSzwn5iAImEi
CWEsLCLwn5iA,IiAJCiIKLGLkuK0=,LPCfmIBiIgrwn5iACvCfmIAK8J+YgGEiDSIsLPCfmIAgIg==,5LitYQoNYSINIiIKIOS4reS4rSI=,8J+YgGINYWFhCuS4rWIi,DWEsYWIsYWLkuK3kuK0KIgogIA==
5LitDSxiLOS4reS4rWEK8J+YgA0gDSLwn5iAICzkuK0JCg==,IPCfmIBiCQ3kuK0JLCIiYQkJLA3kuK0g5LitYWEJIA==
DSLwn5iACeS4rQksDWFh,IGLkuK1hIiAKYWIK8J+YgOS4rWENYSAsYg==,,DeS4rQk=,Cg3kuK0iYWJhIA0s,CgpiIgphIPCfmIAgCgrkuK1i5Lit
DSLkuK0sCQ==,8J+YgOS4rWFiICxiDeS4rWLkuK3kuK0gYQkiCWEiIA==,DfCfmIBiYQ==,5LitCg0KCmEs5LitCQk=
,YSIK8J+YgA==,CQpiLAlhIGHwn5iA,CQlhIiIsCvCfmIBi5LitDSIi,LPCfmIDkuK0g5Lit5LitIAoiImIK8J+YgAkg
8J+YgGLkuK0gDQ==,,8J+YgCIsIOS4rQliIuS4rfCfmIAKIOS4rQnkuK0gYmEsCg==,LGJh8J+YgGJhCWIiCiIK5LitImEiYmEsCQk=,Cgrwn5iAYeS4reS4rfCfmIDwn5iAYQph
YWIgIiDwn5iALAo=,YgkJLA0iDSAiImIg8J+YgA0J
IiIJIuS4rSAsIiIN,LA0gLCAgYuS4rSzwn5iAIvCfmIDwn5iA,IGEgIg0=,8J+YgGIN8J+YgPCfmIAgLOS4rWEgDSAKIPCfmIA=,5LitYeS4rWJhYiwg5Lit5LitCg1hCfCfmIAJDWEgLA==,5Lit5Lit8J+YgAoiLCAgCWHwn5iA5LitCSwiLA0NIgnkuK0=
LAkKLAlhIiDwn5iAIPCfmIBiLA0KYiBi
5LitDWEgIGHkuK0i5LitICIJCgkN
CeS4rfCfmIBh8J+YgA0NYSw=,YSAsCSwg,LCLkuK0iYgkKCfCfmIAJCiwiICJhYiAg5LitCSwsCg==,IGFh
CSBiCmEK5LitYg==,IA==,CmFiYeS4rWENIAoK8J+YgOS4rWHwn5iAYQ==,8J+YgPCfmIANCiwgIGJiCvCfmIAg,Cg==
DeS4rfCfmIAsIuS4reS4rSAJIGINCQkN8J+YgPCfmIAJ,DfCfmIBiCiLwn5iAYeS4reS4rWEi5LitICDkuK0K8J+YgA==,CQkiCgki8J+YgCBi8J+YgAosYWIiCSAKIg==,LAli5LitIixiYiLkuK1iLGIJDQkKIGEKICIsYQ==,CgkJ8J+YgA==,YWLkuK0s
IA0NDQrkuK0JCWEiYgphYiAs8J+YgPCfmIBhDQ==,YeS4rQoNCmI=,DSIg8J+YgGHkuK0gYiAKIg0JIuS4rSAKYiA=,IPCfmIAJICANYmEJ5LitIuS4reS4rWI=,CQ==
DQ3wn5iACSI=
5LitICAgCuS4rfCfmIBhCSAJ5Lit5Lit5Lit,CfCfmIAs,DSAgIg==,LPCfmIA=,CvCfmIAKIA==
5Lit5LitDfCfmIBh,ICwiImJhLA0g8J+YgAkNCWEJCmEK5LitCSI=,LAksLAksYSAN5LitYQ==,DSDwn5iALA0i5LitCWEJIizwn5iA,YgkN8J+YgCDwn5iADWHkuK3kuK1iYQoNDfCfmIBhIA==,CSBhDQrwn5iAYgoNCiDwn5iAYiINCQ1iDeS4rQkJ
Yg3wn5iACgoJLAo=,LGFh5LitCixi
YWIJCmEiYuS4reS4rSIJIvCfmIAKIGIgIglhDQ0=,LGJhLOS4rSIgDQ1h8J+YgOS4rSLwn5iA5LitYg==,IAkKIA3kuK1hYSws8J+YgPCfmIDkuK0K,8J+YgGEsCg==,ICzwn5iAIA==
LOS4rWINDfCfmIDwn5iA8J+YgA0gDWEsIiIsLGHkuK0J5LitCvCfmIAJ
CmIJDfCfmIBi5LitCiwJ,Cg0NIPCfmIA=,ICJhIiAJ5Lit,DQnkuK0NYWE=
YWEiCQk=,8J+YgCAiICxiICIJDQ0iYQksYQ3wn5iA,CfCfmIDkuK0NLPCfmIAJYQ0=
Cg1iCWIKCmIg8J+YgGHwn5iADQ0NCiIg
ICzwn5iADWEgYQrwn5iAYQoiYQo=,CWLwn5iADfCfmIDwn5iACmIK,YfCfmIAs8J+YgCAgLAoKDQ0i,CiAsCQ0NYuS4rWLwn5iA8J+YgGINCfCfmIAsIiAgCglhCQ==,8J+YgCLkuK0gCmE=,ICJhIA1hIA0J
CSwJIAksLGFh8J+YgGHkuK0KCQ==,Yg==,YQoK5Lit8J+YgA==
IA==,ICANYg0KYfCfmIAs8J+YgA1iYuS4rSAN8J+YgAkKYgkK,8J+YgCzwn5iA5LitCiIKYiwiYgosDQ0JIOS4rSAN8J+YgCIJLA==
8J+YgOS4rWFiCQoK5LitYeS4rQ==
YmFi5Lit5LitIGENCiA=,DQ3kuK3kuK1iLPCfmIAJ8J+YgGEi8J+YgCINDQo=,8J+YgCwg5LitICBiDfCfmIDkuK1i5LitIixiCSwKYmEsCSI=
CQnwn5iACQos8J+YgA==,IGLkuK3wn5iA8J+YgCLkuK0g5LitYSIiYg==
5Lit8J+YgPCfmIAKDWEiCfCfmIBhIiJh,YgkNYgphICDkuK0gIOS4rSw=
ICIsLCw=,8J+YgGIJDeS4rSw=,8J+YgPCfmIAsLCJi8J+YgGJh5LitCWENIg3kuK0=
IPCfmIANIGFiCmHwn5iADeS4rfCfmIA=,CSDkuK0gCWEN8J+YgCwKIiAiYQ==,8J+YgGJhCQ0NCSLwn5iACeS4rQoKIAkiIOS4rWFiIiDwn5iA,5LitCvCfmIANYgoiCg==
YWEJIg1iYWLkuK0NLA==,Cizwn5iA5LitDQ==,CSDkuK0g8J+YgGHkuK0NIApiDSxhIiINCSxi5Lit8J+YgAo=
CfCfmIDwn5iALCAsLCDwn5iACfCfmIANIvCfmIAK8J+YgGLkuK3wn5iADfCfmIDkuK1i,5LitIiAKYmJiImLwn5iAYSAi,LAoiYSAgIAphYQk=,LAosYeS4rSJiYiIJ8J+YgAphICzkuK0s5LitLOS4rWJhIiw=,Yg==
LCJhYfCfmIBh8J+YgAog8J+YgGLkuK1i5LitLCIiIA==,YeS4reS4rQnwn5iAYWHwn5iALGIKCQoJ5LitIiAiIgph8J+YgA==,YWEKDWHkuK3wn5iA
CeS4reS4rfCfmIDwn5iALCINIgkgYglhCSAN5LitCuS4rWIK8J+YgA0=,IvCfmIAsYiDwn5iACSIsIPCfmIDkuK1i8J+YgGFhCSDkuK1h
IAnwn5iACg0KYSJiIPCfmIDwn5iAIuS4rWI=,YgoKIvCfmIAs8J+YgPCfmIA=,YSzkuK1h8J+YgCJhIA0NLA==,CeS4rWIsIiIsIAliImFh8J+YgCzkuK0g,CeS4reS4rQk=
8J+YgCIJCSBiYiLwn5iACmFiCgpiDSLwn5iAYWEsIPCfmIAN
ICzwn5iA
DSANIg==,YgoiDSAi8J+YgOS4rQkiLAphCSBi,IOS4rfCfmIBiIArwn5iALGEg8J+YgOS4rfCfmIAiIuS4rSwKDeS4rSw=,CSJh5Lit5LitLPCfmIDwn5iA,Cg0sCg0gCeS4rSxh8J+YgAkKCmIJDSwN5LitLCAN
Igog5LitDSJiDWJh,CSIi8J+YgCAK5Lit5LitCmFhIGEgICA=,CQ0=,ImIgDfCfmIBhLGI=,CfCfmIA=,5Lit5LitYiA=
Yg1i5LitYWIKYQ1i8J+YgCLkuK0=,DWEJ8J+YgCwJYgkKCuS4rQ==
IA0N8J+YgAos8J+YgA0gYg==
IuS4reS4rQosImJi5Lit5LitCg1h8J+YgCAJYeS4reS4rQ0gYQ==,CuS4rQ==,LGE=,YmFi8J+YgAkJ,CuS4rQ1iLCAgCQ0iCgosYQ0N8J+YgGI=
YmI=,5LitCWIJCiJiDQnkuK1iYQ==
CSIsYfCfmIDkuK0s5LitIiLkuK0i5LitDWEg,IgnkuK0K5LitCeS4rQ0JYvCfmIANIiIKIiwgLAkg
LCIg8J+YgCANLGI=
DeS4reS4rWEgDWJiDSxi8J+YgCBhDWEg,YmENCgliCWFiDSIg5LitDSws5LitIg==,DQoKYiA=,IOS4rWJiIgksYg==,8J+YgA0KYWEiDfCfmIDwn5iAYiIKIg==
LAoK5LitCgoK8J+YgCzkuK0g8J+YgPCfmIAi8J+YgPCfmIAJIGEN,8J+YgA==,YvCfmIAsDQ1hIGE=
8J+YgA==
CWLkuK0=,LGLwn5iACmEJDSxhCQ1iYg==,CiIKCvCfmIDkuK1i8J+YgA0NIgkN,YSwiCQkKCSxi5LitYeS4rQkKCixiIgliLOS4rQnkuK0=,LOS4reS4rQ3kuK0iYiwsCSANCmEgYWEi5LitYQpi,Yiwi8J+YgCwNIgogIGEg8J+YgGIKYWLkuK3wn5iA8J+YgCzwn5iALA==
IAkKYQ==,DSBh5LitYWE=,DSDwn5iAYmEsLAnkuK0NYgpiYg0s5Lit,IvCfmIAs5LitImEK8J+YgA3wn5iACg==,8J+YgCIgIA3kuK0J5LitYiAKCQoJYiwK8J+YgPCfmIBhDSJh8J+YgA==,CQoJDQkKCmIKYg==
8J+YgAo=,Cg0gIOS4reS4reS4rSI=,8J+YgGJhDWEiCSJi8J+YgA1hYgrwn5iAIgnwn5iAIg1hIAnwn5iA
CmEiImLkuK0KICwg8J+YgAkNIOS4rQ==,CfCfmIAJLOS4rSAJYSJiDQkNDeS4rQoiCg==,YiwgIiLkuK0i8J+YgOS4rfCfmIAKYSANCQkNLCJhYSI=,YQkKICLwn5iA5LitYuS4rSA=,8J+YgAo=,5LitIiwKDWEsIA==
5LitCSAJIPCfmIAJYSA=,8J+YgA0iDeS4reS4rSxiDWE=
Yizwn5iA8J+YgCAJ8J+YgCBhCQkg8J+YgPCfmIAgYiA=,Yg0gYSwNIiBiYiDwn5iAIgoi5Lit8J+YgGEKICw=,YixiIGHkuK0KLGHwn5iAYSwNIg==,5LitYfCfmIANLPCfmIAiICwiDQrkuK0JICIsYfCfmIBhCQoN,8J+YgAph5LitCgkJYSAiYglh,YQoiYgliImIiIA0iDQ==
5LitLAkJDSIKCiIs,IAkKCSBiImIJCWHkuK0KDQ1h,8J+YgGJiYiLkuK0KCSzkuK0s,YglhDQoJLGIK8J+YgA0iLCLwn5iAImHkuK0=,CizkuK1h5LitLPCfmIAgCSAKCgksIuS4rSANDQ0KYQ==,YiBiCQ0=
ImIsYgrkuK3wn5iALCIgCWJhYSA=,YQosIAoKCWHwn5iACSwiYSwJImIJDWEsDSwi,5LitDWJhYeS4rfCfmIAsIg0=,CiI=,5LitCQkKCeS4rSJhYuS4rfCfmIAiYWENIglhDQ==,LGIJCSLwn5iAYSBhCuS4rSwK
IuS4rWFi8J+YgAkgYmEJYmIgYeS4rSwiICwiYWIK5Lit,YmENCQoi8J+YgGEKCg==,YQ1hLAk=,IgosDWEiIA0K5LitCQ==,
YfCfmIDkuK3wn5iALGIgDQogCSxiDSAN5LitCiwNCiBiCg==,ICwJIgo=,CQkNYiwN8J+YgCwKYvCfmIBiDfCfmIBh8J+YgGFi,,8J+YgA==,8J+YgOS4reS4rSIKDQli
DfCfmIA=
IAkgCWIN5Lit,IGEgLCLwn5iAICAsCiwKIGEi8J+YgGINLOS4rWHkuK0=,Yg0NICAsICAgCSxhIPCfmIA=,IAlh8J+YgCwsIGEi8J+YgGEsImENIA3wn5iALApi5LitIg==,DQrwn5iAIPCfmIDwn5iAIiAs8J+YgCBiLGHwn5iAIA0sYQ==
CfCfmIAsIAkKYgnwn5iA5LitLGEsLCLwn5iACSDkuK0s5LitCQo=
5LitIOS4rQ==,LAkKIAkKLPCfmIBhIAkgDQoJDSLwn5iA5LitIA==,CfCfmIBhCiLwn5iAYmIgICwiDSwgYmI=
,CQkiYgosCSDkuK0NCmEN8J+YgA==,CiANYWEiIg==
LPCfmIAKImHwn5iACmIJ5LitCSAsDQoJDQo=,Yg==,DSwg5Lit8J+YgCAiYQksIgliDSIJCiDwn5iA,LCIJIgpiYQ0=
DSJiDQnwn5iA8J+YgCJi8J+YgAoJICAJ5LitCSAgYSANCg==
YQphYSwiYSwg5LitCSANLCAgLGEJ,8J+YgCzkuK0NIPCfmIAN5LitLCAJICBhYQoKLGEgCg==,DSIJCQkNYgoK5Lit8J+YgCzwn5iAYfCfmIAg8J+YgCBhLAoNDSI=,CSI=,IGEsYSIiLAoiCvCfmIBiLCwJCWI=
YvCfmIBiDeS4rWE=
Ygnwn5iACg==,8J+YgCxh5LitIGIg5LitYvCfmIAsYQoN,CgpiYg0=,DfCfmIBiIA3kuK0KYmEN8J+YgCxhIiDwn5iAYeS4rWJh8J+YgGE=
YiIKDSxhLA0J5LitYg0sCuS4rWIKCQ==,IAphDeS4rQ1hCQ==,8J+YgAphIgosLGEJYQliCgk=,CvCfmIAKLCINCWIgYgrkuK1iLGHkuK0s,YQkN8J+YgAli8J+YgA0NCSBh5LitDWEgLCxhCg==
8J+YgA1h5LitYeS4rQkgLCBi,YvCfmIAJLAkKImI=,DQ0N5LitYWEJIg1iDWHwn5iA8J+YgA0K8J+YgGIJICDkuK0=
CixhIiIJLPCfmIDkuK3kuK0NICDwn5iACQoiYmLwn5iA8J+YgOS4rQ==,IAosYiAKIiAgDWIs5Lit,IuS4reS4rQkiDWFhCg==
YQ0NLPCfmIAsYWFh,YWJiIiwKLCxh5LitCgoNYWFhYg==
DQ==,CQrkuK0gYiANCSAJIuS4rfCfmIAsYSIKYvCfmIBi,YvCfmIAsYSwJIiIsCuS4reS4rSLwn5iA5LitDfCfmIDkuK0JIA==,IGIKIiAgCg0sYSwK,DSAJCg==,5Lit5Lit8J+YgPCfmIAKYQnkuK0KCWIiCfCfmIBhYWJh8J+YgOS4rSLwn5iA
DQnkuK0JIgliDSDkuK1h5LitCQkN,YQlhIGEsYSAKDWEs5Lit8J+YgGEsIg3kuK0gYQ==
ICxhDQkgCg==,5LitCSBhLGIgYg==,5Lit,IAks5Lit
5LitCiI=
8J+YgCwJIgkKDQlhDQrkuK0sYiJh8J+YgGEg5Lit8J+YgOS4rQ==,,YiIKIgoJ8J+YgAosIPCfmIBhIiw=,8J+YgPCfmIAgYQoJCgoiIiwKYg==
LAoiYixhCgnwn5iA5LitYeS4rSBhCQ==,DSDkuK0JDSwK5LitICxiCgpiIg0g8J+YgCDkuK0K
IvCfmIANIAkN5Lit8J+YgOS4rQ==,CWIKDQ==,YmE=
LPCfmIAgDSxhCvCfmIAJDSDkuK0JCgkK5LitLAoJYg==
YQ==
Ygrwn5iAIAnwn5iACSws5LitIg==,YQnwn5iAIGFhYfCfmIBhLGIJIArkuK0NLGEN5LitCgk=,DWFhDQk=,Cg==
8J+YgAoi5Lit,IAogIGEJ,LPCfmIBiYgpiLCzkuK0K8J+YgArkuK0g8J+YgCwi,LGINCmIiDWJiYWIsYg==,DSzkuK3kuK0sLA==
LGHkuK0=,8J+YgOS4reS4rSLwn5iAYvCfmIA=
DQnkuK0gCQ==,CQ==,Ig1iCiJhDSxh5LitIg3kuK0sYWJiYmLkuK0s,YeS4reS4rQkN
IGEJIA0JLA==,DQ0gIAlhYfCfmIDkuK0g,5LitCSLwn5iAYSDwn5iAIvCfmIAN5LitCgki,5LitLAkiIGIgYgosLCAKYg==,5LitCQ1hIizwn5iAYeS4rfCfmIAsCSAN8J+YgOS4rQ==,IiwgCeS4rfCfmIAgIGHwn5iACQosCuS4rSDwn5iACSwK
DQkK8J+YgCJhDSANIuS4rWE=,5LitIAki5LitLGIg5Lit8J+YgCINIuS4rSxi8J+YgA==,YmJiICJh8J+YgA0KICwiIGIgIGI=
,YiLwn5iA5Lit8J+YgA1iIGIsCSINCSIs8J+YgA3wn5iACQ==,YfCfmIAKYSwJDSAg8J+YgAkKDWEsCiBiDQ==,YiwNYiJhIAoJYWLwn5iADWEs8J+YgOS4rQlhIg3kuK0=,YfCfmIBiDSBhLGIiIGLwn5iAYizkuK1iYvCfmIDwn5iACgo=,IGE=
LA0NCmIJLGEJYWFiIgrwn5iADSBiCgkKDQo=,Cgkg5LitYmIKYWIK,5LitCQ0JICzkuK1iCgoi8J+YgCI=,ICLkuK0KYQ0g
,Cg0K5LitCSwNCfCfmIAN5LitIGEJIOS4rSIsYfCfmIAJ5Lit,ImHkuK0s5LitImEKDWEgYg==,IOS4rWEs5LitYiAJDeS4rSwsIGI=
ICwK8J+YgGIKCg==,YSIi5LitCiIKCvCfmIANYmIJ5Lit,DSwKDWFiIA0sCWIJCg==,8J+YgGEsLAkNCQogCiLwn5iACmE=,CmJhCgoK8J+YgCIJ
5LitIA0JCSwKIA0=,LCws8J+YgCwJCeS4rWLkuK0JLPCfmIAg8J+YgCwK,,DWINYuS4rQlhCiIKCQoJCmFhDWIK8J+YgAoiDfCfmIA=,IA==
IPCfmIBhIg0sYiAN8J+YgGEKDSAg5LitDQks,LGHkuK0KCWHwn5iA,Cg==,LCAJIA0KICIiIPCfmIAN5LitIOS4rfCfmIBiYiLkuK0JYQ==,8J+YgPCfmIBi8J+YgArwn5iAIg1hIOS4rSDwn5iALA0KLCwiImFi8J+YgCw=
8J+YgArwn5iA5LitImENYWEsIOS4rWHwn5iAYiw=
CuS4rQliDSIN8J+YgAkg5LitDSBiIPCfmIA=,Yg0JImLkuK0iYmINDQlhCfCfmIDwn5iAIiA=,IgoJDWEJYeS4rQ==,LCJhIg1iYgnwn5iACQ3wn5iA,YeS4rSAiYSAg5LitCvCfmIAgYizwn5iALA==
IvCfmIAJYmJiLGIi8J+YgA0iYvCfmIAN
IvCfmIAiCQrwn5iALA==,,DQnwn5iA8J+YgPCfmIDwn5iACmENCmHkuK3wn5iAICwgCiDwn5iACQ==,,5LitYmIK
LCwiCgrwn5iA5Lit8J+YgCIiCSLkuK3kuK0N5LitYfCfmIAgLAliYg==,LGEgDQkKYeS4rQ0N,DWINIiIJ5LitYiwsDSzkuK0sCeS4rSIgCeS4rWEgLGE=,Cg3kuK3kuK3wn5iA,CWHkuK3wn5iADfCfmIBh
5LitIixiYWIsIiIKDfCfmIDkuK0JIGIgYvCfmIA=,IGJiYgkJIA==,,5LitYiwJYSwKDSwJCQpiLPCfmIBh5LitIgliIAkJIg==
5LitImIKIgoJIOS4rWIs8J+YgCDkuK3kuK0=,CiwgIA1iIiwJ5LitYgo=,,8J+YgGINCSJiLPCfmIAsIiAKYiI=,8J+YgCIJ8J+YgGFiICJhDWJiDQli5Lit8J+YgAkg
Cixi8J+YgGEs5LitYmFh5LitLA==,CiBhCgrkuK0gIgli,8J+YgOS4rWJiLPCfmIDkuK0=,5LitDQ3kuK0N8J+YgPCfmIDwn5iAYiBiIOS4rQ==
ImEiDSBh8J+YgCzwn5iAIg==,5LitYmHkuK1iIAkNDQlh
Ig==
CmJi5LitCfCfmIBhIPCfmIBhYuS4rSIiDSw=
YSA=,Ig==,DfCfmIAg5LitIAph8J+YgAlhLGFh8J+YgCwgLCw=,5LitIuS4rWFi5LitCmIsCQ==,CuS4rSIJIA0JYQ0K8J+YgGFiImJiIvCfmIANYixh
